[    0.000000] Linux version 4.15.0-74-generic (buildd@lcy01-amd64-022) (gcc version 7.4.0 (Ubuntu 7.4.0-1ubuntu1~18.04.1)) #84-Ubuntu SMP Thu Dec 19 08:06:28 UTC 2019 (Ubuntu 4.15.0-74.84-generic 4.15.18)
[    0.000000] Command line: BOOT_IMAGE=/boot/vmlinuz-4.15.0-74-generic root=LABEL=cloudimg-rootfs ro console=tty1 console=ttyS0
[   0.00000]KEREL suported cpus:
[    0.000000]   Intel GenuineIntel
[    0.000000]   AMD AuthenticAMD
[   0.00000]   Centaur CentaurHauls
[    0.000000] x86/fpu: x87 FPU will use FXSAVE
[    0.000000] e820: BIOS-provided physical RAM map:
[    0.000000] BIOS-e820: [mem 0x0000000000000000-0x000000000009fbff] usable
[   0.00000] BIS-e20:[mem 0x0000000009fc0-0x000000009fff] resrved
    0000000]BIO-e820 [mm 0x00000000000f0000-0x00000000000fffff] reserved
[    0.000000] BIOS-e820: [mem 0x0000000000100000-0x000000003ffeffff]usable
[   0.000000] BIOS-e820: [mem 0x000000003fff0000-0x000000003fffffff] ACPI data
[    0.000000] BIOS-e820: [mem 0x00000000fec00000-0x00000000fec00fff] reserved
[    0.000000] BIOS-e820: [mem 0x00000000fee00000-0x00000000fee00fff] reserved
[    0.000000] BIOS-e820: [mem 0x00000000fffc0000-0x00000000ffffffff reerved
[    0.00000] NX Exeute Disale)proectio: active
[   0.00000]SMBOS 2.5present.
[    0.00000] DMI: innotek GmbH VirtualBox/VirtualBox, BIOS VirtualBox 12/01/2006
[    0.000000] Hypervisor detected: KVM
[    0.000000] AGP: No AGP bridge found
[    0.000000] e820: last_pfn = 0x3fff0 max_arch_pfn = 0x400000000
[    0.000000] MTRR: Disabled
[   0.00000] x86/PAT: MTRRs disabled, skipping PAT initialization too.
[    0.000000] CPU MTRRs all blank - virtualized system.
[    0.000000] x86/PAT: Configuration [0-7]: WB  WT  UC- UC  WB  T  UC- UC  
[   0.0000] foud SM MP-tabe a [mem0x000fff0-0x009fff]
[   0.00000 Scanin 1 aras fo low memory corruption
[    0.000000] RAMDISK: [mem 0x35a6b000-0x36d2cfff]
[    0.000000] ACPI: Early table checksum verficatin disble
[   0.0000] API: RSP 0000000000E000 00024 v02 VOX  )
[   0.00000] ACPI:XSDT 0x000000003FFF0030 0000C (v01 VBOX  VBOXSDT 000001ASL 0000061)
[   0.00000]ACP: FCP x00000000FFF00F0 000F (v4 VBOX  VOXFACP00000001 ASL  00000061)
[    0.000000] ACPI: DSDT 0x000000003FFF0470 0021FF (v02 VBOX   VBOXBIOS 00000002 INTL 20180105
[   0.00000] CPI: ACS 000000003FF020 00040
[    .00000] ACPI: FAC 0x0000003FF0200 00040
[   0.00000] ACPI: APIC 0x000000003FFF0240 00005C (v02 VBOX   VBOXAPIC 00000001 ASL  00000061)
[    0.000000] ACPI: SSDT 0x000000003FFF02A0 0001CC (v01 VBOX   VBOXCPUT 00000002 INTL 20180105)
[    0.000000] No NUMA configuration found
[    0.000000] Faking a node at [mem 0x0000000000000000-0x000000003ffeffff]
[    0.000000] NODE_DATA(0) allocated [mem 0x3ffc5000-0x3ffeffff]
[   0.000000] kvm-cloc: cpu 0, msr 0:3ff44001, primary cpu clock
[    0.000000] kvm-clock: Using msrs 4b564d01 and 4b564d00
[    0.000000] kvm-clock: using sched offset of 4177942293 cycles
[    0.000000] clocksource: kvm-clock: mask: 0xfffffffffffff maxcyces:0x1d42edffb,max_idle_ns: 8859059483ns
[   0.00000] one rnges:
[   0.000000]   DMA      [mem 0x0000000000001000-0x0000000000ffffff]
[    0.000000]   DMA32    [mem 0x0000000001000000-0x000000003ffeffff]
[    0.000000]   Normal   empty
[    0.000000]   Device   empty
[    0.000000] Movable zone start fr each nde
[   0.00000] Eary mmor noe rangs
[   0.00000]  node  0: [mem x000000000010000x0000000009eff]
[    0.000000]   node   0: [mem 0x00000000010000-0x0000003ffefff]
[   0.00000] Resrved bt uavailale: 98pages
[   0.0000] Initem seup noe 0[me 0x00000000001000-0x00000003ffefff]
[   0.000000] ACPI:PM-Tier O Port 0x008
[    .00000] IAPI[0]: api_id 2 verion32, adres 0xfec00000, GSI 0-23
[    0.000000] ACPI: INT_SRC_OVR (bus 0 bus_irq 0 global_irq 2 dfl dfl)
[    0.000000] ACPI: INT_SRC_OR (bus 0 bus_rq 9 global_iq 9 low evel)
[    0.00000] Using ACPI (MADT) for SMP configuration information
[    0.000000] smpboot: Allowing 2 CPUs, 0 hotplug CPUs
[    0.000000] PM: Registered nosave memoy: [mem 0x0000000-0x00000fff]
[    0.000000] PM: Registered nosave memory: [mem 0x0009f000-0x0009ffff]
[    0.000000] PM: Registered nosave memory: [mem 0x000a0000-0x000effff]
[    0.00000]PM: Rgisteed osae memor: [em x00f0000-x00ffff]
[    0.000000] e820: [mem 0x40000000-0xfebfffff] available for PCI devices
[    000000] Booingparavituaized krne onKVM
[   0.00000]clockource refind-jifies: mask: xfffffff mx_cycles: 0xffffffff, max_idle_ns: 7645519600211568 ns
[   0.000000 random: ge_rando_byes caled fom stat_kerel+0x9/0x4d wth rnginit=
[    .00000] etu_pecpu: NR_CUS:8192nr_pumas_bis:2 nrcpuids:2 r_nde_ids:
[   0.00000] ercpu: Embdde 45 paes/pu s14456 r192 d2672 u04857
[    0.000000] PVqspinloc hash tale entris: 56 (oder 0,409 bytes)
[    0.00000 Bult  zoneist, mobiity grouingon. Tota pages:25791
[   0.00000] Polic zoe: MA32
[    0.00000] Kerel commad lin: BOT_IMAE=/ootvmlinz-415.0-4-gneric root=LABEL=cloudimg-rootfs ro console=tty1 console=ttyS0
[   0.000000] AGP: Checking aprture..
[   0.00000] GP: No AG bridge found
[    0.000000] Memory: 983072K/1048120K available (12300K kernel code, 2481K rwdata, 4260K rodata, 2428K init, 2704K bss, 65048K reserved, 0K cma-reserved)
[    0.000000] SLUB: HWalign=64, Order=0-3, MinObjects=0, CPUs=2, Nodes=1
[    0.000000] ftrace: allocating 39322 entries in 154 pages
[    0.004000] Hierachical RCU implementation.
[    0.004000] 	RCU restricting CPUs from NR_CPUS=8192 to nr_cpu_ids=2.
[    0.004000] 	Tasks RCU enabled.
[    0.004000] RCU: Adjusting geometry for rcu_fanout_leaf=16, nr_cpu_ids=2
[    0.004000] NR_IRQS: 524544, nr_irqs: 440, preallocated irqs: 16
[   0.004000] Console: colour VGA+ 80x25
[    0.004000] console [tty1] enabled
[    0.004000] console [ttyS] enabed
    000400] ACPI:Cor revison 20170831
[    0.004000] ACPI: 2 ACPI AML tables successfully acquired and loaded
[   0.004000] APIC: Switch to symmetric I/O mode setup
[    0.004264] x2apic enabled
[    0.008004] Switched APIC routing to physical x2apic.
[    0.013210] ..TIMER: vector=0x30 apic1=0 pin1=2 apic2=-1 pin2=-1
[    0.016002] tsc: Detected 3356.170 MHz processor
[    0.020020] tsc: Marking TSC unstable due to TSCs unsynchronized
[    0.021407] Calibrating delay loop (skipped) preset value.. 6712.34 BogoMIPS (lpj=13424680)
[    0.024002] pid_max: default: 32768 minimum: 301
[    0.025136] Security Framework initialized
[    0.026090] Yama: becoming mindful.
[    0.026936] AppArmor: AppArmor initialized
[    0.029415] Dentry cache hash table entries: 131072 (order: 8, 1048576 bytes)
[    0.032149] Inode-cache hash table entries: 65536 (order: 7, 524288 bytes)
[    0.036025] Mount-cache hash table entries: 2048 (order: 2, 16384 bytes)
[    0.040020] Mountpoint-cache hash table entries: 2048 (order: 2, 16384 bytes)
[    0.044264] process: using AMD E400 aware idle routine
[    0.048006] Last level iTLB entries: 4KB 512, 2MB 16, 4MB 8
[    0.049285] Last level dTLB entries: 4KB 512, 2MB 128, 4MB 64, 1GB 0
[    0.050711] Spectre V1 : Mitigation: usercopy/swapgs barriers and __user pointer sanitization
[    0.052002] Spectre V2 : Spectre mitigation: LFENCE not serializing, switching to generic retpoline
[    0.056002] Spectre V2 : Mitigation: Full generic retpoline
[    0.060015] Spectre V2 : Spectre v2 / SpectreRSB mitigation: Filling RSB on context switch
[    0.064526] Freeing SMP alternatives memory: 36K
[    0.176208] APIC calibration not consistent with PM-Timer: 98ms instead of 100ms
[    0.180000] APIC delta adjusted to PM-Timer: 6249984 (6165075)
[    0.180049] smpboot: CPU0: AMD Phenom(tm) II X4 965 Processor (family: 0x10, model: 0x4, stepping: 0x3)
[    0.184102] Performance Events: PMU not available due to virtualization, using software events only.
[    0.188066] Hierarchical SRCU implementation.
[    0.192536] NMI watchdog: Perf event create on CPU 0 failed with -2
[    0.196003] NMI watchdog: Perf NMI watchdog permanently disabled
[    0.200295] smp: Bringing up secondary CPUs ...
[    0.204402] x86: Booting SMP configuration:
[    0.206582] .... node  #0, CPUs:      #1
[    0.004000] kvm-clock: cpu 1, msr 0:3ff44041, secondary cpu clock
[    0.213140] smp: Brought up 1 node, 2 CPUs
[    0.216005] smpboot: Max logical packages: 1
[    0.217054] smpboot: Total of 2 processors activated (13424.68 BogoMIPS)
[    0.220237] devtmpfs: initialized
[    0.224077] x86/mm: Memory block size: 128MB
[    0.228170] evm: security.selinux
[    0.232002] evm: security.SMACK64
[    0.236001] evm: security.SMACK64EXEC
[    0.236940] evm: security.SMACK64TRANSMUTE
[    0.240001] evm: security.SMACK64MMAP
[    0.240904] evm: security.apparmor
[    0.242909] evm: security.ima
[    0.243672] evm: security.capability
[    0.244127] clocksource: jiffies: mask: 0xffffffff max_cycles: 0xffffffff, max_idle_ns: 7645041785100000 ns
[    0.248031] futex hash table entries: 512 (order: 3, 32768 bytes)
[    0.253149] pinctrl core: initialized pinctrl subsystem
[    0.256153] RTC time:  9:32:55, date: 02/16/20
[    0.260486] NET: Registered protocol family 16
[    0.261659] audit: initializing netlink subsys (disabled)
[    0.263007] audit: type=2000 audit(1581845559.815:1): state=initialized audit_enabled=0 res=1
[    0.264018] cpuidle: using governor ladder
[    0.266157] cpuidle: using governor menu
[    0.268049] ACPI: bus type PCI registered
[    0.272004] acpiphp: ACPI Hot Plug PCI Controller Driver version: 0.5
[    0.276088] PCI: Using configuration type 1 for base access
[    0.280002] PCI: Using configuration type 1 for extended access
[    0.285065] HugeTLB registered 2.00 MiB page size, pre-allocated 0 pages
[    0.288161] ACPI: Added _OSI(Module Device)
[    0.292005] ACPI: Added _OSI(Processor Device)
[    0.296002] ACPI: Added _OSI(3.0 _SCP Extensions)
[    0.300002] ACPI: Added _OSI(Processor Aggregator Device)
[    0.304106] ACPI: Added _OSI(Linux-Dell-Video)
[    0.307685] ACPI: Added _OSI(Linux-Lenovo-NV-HDMI-Audio)
[    0.308046] ACPI: Added _OSI(Linux-HPI-Hybrid-Graphics)
[    0.312226] ACPI: Executed 1 blocks of module-level executable AML code
[    0.320961] ACPI: Interpreter enabled
[    0.324016] ACPI: (supports S0 S5)
[    0.328002] ACPI: Using IOAPIC for interrupt routing
[    0.332273] PCI: Using host bridge windows from ACPI; if necessary, use "pci=nocrs" and report a bug
[    0.336148] ACPI: Enabled 2 GPEs in block 00 to 07
[    0.346852] ACPI: PCI Root Bridge [PCI0] (domain 0000 [bus 00-ff])
[    0.348010] acpi PNP0A03:00: _OSC: OS supports [ExtendedConfig ASPM ClockPM Segments MSI]
[    0.352061] acpi PNP0A03:00: _OSC: OS now controls [PCIeHotplug PME AER PCIeCapability]
[    0.360037] PCI host bridge to bus 0000:00
[    0.364004] pci_bus 0000:00: root bus resource [io  0x0000-0x0cf7 window]
[    0.368002] pci_bus 0000:00: root bus resource [io  0x0d00-0xffff window]
[    0.372002] pci_bus 0000:00: root bus resource [mem 0x000a0000-0x000bffff window]
[    0.373814] pci_bus 0000:00: root bus resource [mem 0x40000000-0xfdffffff window]
[    0.376003] pci_bus 0000:00: root bus resource [bus 00-ff]
[    0.384939] pci 0000:00:01.1: legacy IDE quirk: reg 0x10: [io  0x01f0-0x01f7]
[    0.388009] pci 0000:00:01.1: legacy IDE quirk: reg 0x14: [io  0x03f6]
[    0.389101] pci 0000:00:01.1: legacy IDE quirk: reg 0x18: [io  0x0170-0x0177]
[    0.392002] pci 0000:00:01.1: legacy IDE quirk: reg 0x1c: [io  0x0376]
[    0.423219] pci 0000:00:07.0: quirk: [io  0x4000-0x403f] claimed by PIIX4 ACPI
[    0.424029] pci 0000:00:07.0: quirk: [io  0x4100-0x410f] claimed by PIIX4 SMB
[    0.439807] ACPI: PCI Interrupt Link [LNKA] (IRQs 5 9 10 *11)
[    0.441363] ACPI: PCI Interrupt Link [LNKB] (IRQs 5 9 *10 11)
[    0.444514] ACPI: PCI Interrupt Link [LNKC] (IRQs 5 *9 10 11)
[    0.452026] ACPI: PCI Interrupt Link [LNKD] (IRQs 5 9 10 *11)
[    0.457674] SCSI subsystem initialized
[    0.460225] pci 0000:00:02.0: vgaarb: setting as boot VGA device
[    0.462939] pci 0000:00:02.0: vgaarb: VGA device added: decodes=io+mem,owns=io+mem,locks=none
[    0.464005] pci 0000:00:02.0: vgaarb: bridge control possible
[    0.465350] vgaarb: loaded
[    0.468025] ACPI: bus type USB registered
[    0.468999] usbcore: registered new interface driver usbfs
[    0.470266] usbcore: registered new interface driver hub
[    0.471489] usbcore: registered new device driver usb
[    0.472074] EDAC MC: Ver: 3.0.0
[    0.476169] PCI: Using ACPI for IRQ routing
[    0.480210] NetLabel: Initializing
[    0.484003] NetLabel:  domain hash size = 128
[    0.485019] NetLabel:  protocols = UNLABELED CIPSOv4 CALIPSO
[    0.488015] NetLabel:  unlabeled traffic allowed by default
[    0.492123] clocksource: Switched to clocksource kvm-clock
[    0.613629] VFS: Disk quotas dquot_6.6.0
[    0.615881] VFS: Dquot-cache hash table entries: 512 (order 0, 4096 bytes)
[  0176]ppmo AArr lest Enabd  1.12719]pn PP PIni
[  1398]npPnAC: un3 vis
[  1154]clocksource ai_: sk0xff m_cle: ffffmaid_ns: 8510 n
[  2503]ETRestereproc fil2
[    3280TCesblhe hh blenie 82 rd:  636yt)[    4956]TCP bid shab eri: 92orr:, 10 bes
  4.26] P:astaesoniguredesblshed 92in81)
[    .487 U hshtae ntie: 12orr:, 634 te
  5.05] DP-Litha tablenie 5 (de 2164 te
  6.24] T:egted otoco fmi 1[    6686pc00:000: mingirt I/I aner
[   8362pc00:001: ctvating ISA DMA hg worrods
[    8.3785 p 00::00:id dicwi sdod M  [m 0000-000ffff]
[    9.233067] Unpacking initramfs...
[    9.544095] Freeing initrd memory: 19208K
[    9.552355] clocksource: tsc: mask: 0xffffffffffffffff max_cycles: 0x30609277c23, max_idle_ns: 440795357435 ns
[    9.561578] platform rtc_cmos: registered platform RTC device (no PNP device found)
[    9.568986] Scanning for low memory corruption every 60 seconds
[    9.571136] Initialise system trusted keyrings
[    9.633650] Key type blacklist registered
[    9.7286]orkingse: meambi=3maorr= bcket_oer
[   10.308732] zbud: loaded
[   10.344972] squashfs: version 4.0 (2009/01/31) Phillip Lougher
[   10.389591] fuse init (API version 7.26)
[   10.397930] Key type asymmetric registered
[   10.400712] Asymmetric key parser 'x509' registered
[   10.422039] Block layer SCSI generic (bsg) driver version 0.4 loaded (major 246)
[   10.492534] io scheduler noop registered
[   10.495333] io scheduler deadline registered
[   10.505491] io scheduler cfq registered (default)
[   10.509224] ACPI: AC Adapter [AC] (on-line)
[   10.513122] input: Power Button as /devices/LNXSYSTM:00/LNXPWRBN:00/input/input0
[   10.540835] ACPI: Power Button [PWRF]
[   10.572629] input: Sleep Button as /devices/LNXSYSTM:00/LNXSLPBN:00/input/input1
[   10.632279] ACPI: Sleep Button [SLPF]
[   10.665098] Serial: 8250/16550 driver, 32 ports, IRQ sharing enabled
[   1.6416]0:: ySat/Ox3 (q 4,asba = 11520 ia 55
[   11.411357] Linux agpgart interface v0.103
[   11.492214] loop: module loaded
[   11.530775] scsi host0: ata_piix
[   11.533197] scsi host1: ata_piix
[   11.538410] ata1: PATA max UDMA/33 cmd 0x1f0 ctl 0x3f6 bmdma 0xd000 irq 14
[   11.548332] ata2: PATA max UDMA/33 cmd 0x170 ctl 0x376 bmdma 0xd008 irq 15
[   11.604932] libphy: Fixed MDIO Bus: probed
[   11.672729] tun: Universal TUN/TAP device driver, 1.6
[   11.850028] PPP generic driver version 2.4.2
[   12.007287] ehci_hcd: USB 2.0 'Enhanced' Host Controller (EHCI) Driver
[   12.237515] ehci-pci: EHCI PCI platform driver
[   12.377426] ehci-platform: EHCI generic platform driver
[   12.548443] ohci_hcd: USB 1.1 'Open' Host Controller (OHCI) Driver
[   12.711746] ohci-pci: OHCI PCI platform driver
[   12.712648] ohci-platform: OHCI generic platform driver
[   12.713671] uhci_hcd: USB Universal Host Controller Interface driver
[   12.714942] i8042: PNP: PS/2 Controller [PNP0303:PS2K,PNP0f03:PS2M] at 0x60,0x64 irq 1,12
[   12.726664] serio: i8042 KBD port at 0x60,0x64 irq 1
[   12.793104] serio: i8042 AUX port at 0x60,0x64 irq 12
[   12.794745] mousedev: PS/2 mouse device common for all mice
[   12.798244] input: AT Translated Set 2 keyboard as /devices/platform/i8042/serio0/input/input2
[   12.0383rtcm r_cmos: rtc core: registered rtc_cmos as rtc0
[   13.241812] rtc_cmos rtc_cmos: alarms up to one day, 114 bytes nvram
[   3.53] c evntesrir  3.00] device-maer uvet:vesin 0.
[   14.166191] device-mapper: ioctl: 4.37.0-ioctl (2017-09-20) initialised: dm-devel@redhat.com
[   14.248681] ledtrig-cpu: registered to indicate activity on CPUs
[   14.330674] NET: Registered protocol family 10
[   14.380008] Segment Routing with IPv6
[   14.428510] NET: Registered protocol family 17
[   14.476657] Key type dns_resolver registered
[   14.484033] mce: Using 0 MCE banks
[   14.491122] RAS: Correctable Errors collector initialized.
[   14.675950] sched_clock: Marking stable (14675927405, 0)->(36823075321, -22147147916)
[   14.910979] registered taskstats version 1
[   15.020453] Loading compiled-in X.509 certificates
[   15.024813] Loaded X.509 cert 'Build time autogenerated kernel key: 62d24f9c726e026b112735485dad6e6e4b50c923'
[   15.100048] zswap: loaded using pool lzo/zbud
[   15.106520] Key type big_key registered
[   15.107466] Key type trusted registered
[   15.181519] Key type encrypted registered
[   15.302902] AppArmor: AppArmor sha1 policy hashing enabled
[   15.472348] ima: No TPM chip found, activating TPM-bypass! (rc=-19)
[   15.694046] ima: Allocated hash algorithm: sha1
[   15.841667] evm: HMAC attrs: 0x1
[   15.961027]   Magic number: 8:607:525
[   16.094705] rtc_cmos rtc_cmos: setting system clock to 2020-02-16 09:33:11 UTC (1581845591)
[   16.152648] BIOS EDD facility v0.16 2004-Jun-25, 0 devices found
[   16.153980] EDD information not available.
[   16.175650] Freeing unused kernel image memory: 2428K
[   16.268111] Write protecting the kernel read-only data: 20480k
[   16.274851] Freeing unused kernel image memory: 2008K
[   16.287359] Freeing unused kernel image memory: 1884K
[   16.297093] x86/mm: Checked W+X mappings: passed, no W+X pages found.
Loading, please wait...
starting version 237
[   16.483862] Fusion MPT base driver 3.04.20
[   16.608192] Copyright (c) 1999-2008 LSI Corporation
[   16.765129] e1000: Intel(R) PRO/1000 Network Driver - version 7.3.21-k8-NAPI
[   16.973149] e1000: Copyright (c) 1999-2006 Intel Corporation.
[   16.978805] Fusion MPT SPI Host driver 3.04.20
[   16.993612] input: ImExPS/2 Generic Explorer Mouse as /devices/platform/i8042/serio1/input/input4
[   17.325410] e1000 0000:00:03.0 eth0: (PCI:33MHz:32-bit) 02:6f:f9:1e:39:dc
[   17.333492] e1000 0000:00:03.0 eth0: Intel(R) PRO/1000 Network Connection
[   17.382546] mptbase: ioc0: Initiating bringup
[   17.383072] e1000 0000:00:03.0 enp0s3: renamed from eth0
[   17.493041] ioc0: LSI53C1030 A0: Capabilities={Initiator}
[   17.820696] scsi host2: ioc0: LSI53C1030 A0, FwRev=00000000h, Ports=1, MaxQ=256, IRQ=20
[   18.705768] scsi 2:0:0:0: Direct-Access     VBOX     HARDDISK         1.0  PQ: 0 ANSI: 5
[   18.770429] scsi target2:0:0: Beginning Domain Validation
[   18.776252] scsi target2:0:0: Domain Validation skipping write tests
[   19.707564] scsi target2:0:0: Ending Domain Validation
[   20.642029] scsi target2:0:0: asynchronous
[   21.224977] scsi 2:0:1:0: Direct-Access     VBOX     HARDDISK         1.0  PQ: 0 ANSI: 5
[   21.976128] scsi target2:0:1: Beginning Domain Validation
[   22.015179] random: fast init done
[   22.017813] scsi target2:0:1: Domain Validation skipping write tests
[   22.019135] scsi target2:0:1: Ending Domain Validation
[   22.021425] scsi target2:0:1: asynchronous
[   22.026706] random: systemd-udevd: uninitialized urandom read (16 bytes read)
[   22.026726] sd 2:0:0:0: [sda] 20971520 512-byte logical blocks: (10.7 GB/10.0 GiB)
[   22.030291] random: systemd-udevd: uninitialized urandom read (16 bytes read)
[   22.033779] sd 2:0:0:0: Attached scsi generic sg0 type 0
[   22.048205] random: systemd-udevd: uninitialized urandom read (16 bytes read)
[   22.208337] sd 2:0:1:0: Attached scsi generic sg1 type 0
[   22.610868] sd 2:0:0:0: [sda] Write Protect is off
[   22.615142] sd 2:0:1:0: [sdb] 20480 512-byte logical blocks: (10.5 MB/10.0 MiB)
[   22.615230] sd 2:0:0:0: [sda] Incomplete mode parameter data
[   22.861259] sd 2:0:1:0: [sdb] Write Protect is off
[   23.051212] sd 2:0:0:0: [sda] Assuming drive cache: write through
[   23.083784] sd 2:0:1:0: [sdb] Incomplete mode parameter data
[   23.085024] sd 2:0:1:0: [sdb] Assuming drive cache: write through
[   23.123150]  sda: sda1
[   23.144995] sd 2:0:1:0: [sdb] Attached SCSI disk
[   23.183178] sd 2:0:0:0: [sda] Attached SCSI disk
Begin: Loading essential drivers ... [   24.804146] raid6: sse2x1   gen()  4117 MB/s
[   24.872435] raid6: sse2x1   xor()  4342 MB/s
[   25.052371] raid6: sse2x2   gen()  6981 MB/s
[   25.248139] raid6: sse2x2   xor()  7314 MB/s
[   25.416343] raid6: sse2x4   gen()  7767 MB/s
[   25.508081] raid6: sse2x4   xor()  3663 MB/s
[   25.557468] raid6: using algorithm sse2x4 gen() 7767 MB/s
[   25.610951] raid6: .... xor() 3663 MB/s, rmw enabled
[   25.641911] raid6: using intx1 recovery algorithm
[   25.746668] xor: measuring software checksum speed
[   25.788062]    prefetch64-sse: 12553.000 MB/sec
[   25.900137]    generic_sse: 12117.000 MB/sec
[   25.956390] xor: using function: prefetch64-sse (12553.000 MB/sec)
[   26.046187] async_tx: api initialized (async)
done.
Begin: Running /scripts/init-premount ... done.
Begin: Mounti[   26.120659] Btrfs loaded, crc32c=crc32c-generic
ng root file system ... Begin: Running /scripts/local-top ... done.
Begin: Running /scripts/local-premount ... Scanning for Btrfs filesystems
done.
Warning: fsck no[   26.213473] EXT4-fs (sda1): INFO: recovery required on readonly filesystem
t present, so sk[   26.292517] EXT4-fs (sda1): write access will be enabled during recovery
ipping root file system
[   26.970317] EXT4-fs (sda1): recovery complete
[   27.035454] EXT4-fs (sda1): mounted filesystem with ordered data mode. Opts: (null)
done.
Begin: Running /scripts/local-bottom ... done.
Begin: Running /scripts/init-bottom ... done.
[   28.359352] ip_tables: (C) 2000-2006 Netfilter Core Team
[   28.708974] systemd[1]: systemd 237 running in system mode. (+PAM +AUDIT +SELINUX +IMA +APPARMOR +SMACK +SYSVINIT +UTMP +LIBCRYPTSETUP +GCRYPT +GNUTLS +ACL +XZ +LZ4 +SECCOMP +BLKID +ELFUTILS +KMOD -IDN2 +IDN -PCRE2 default-hierarchy=hybrid)
[   28.720207] systemd[1]: Detected virtualization oracle.
[   28.723371] systemd[1]: Detected architecture x86-64.

Welcome to [1mUbuntu 18.04.3 LTS[0m!

[   28.785868] systemd[1]: Set hostname to <ubuntu-bionic>.
[   28.961655] random: crng init done
[   28.963905] random: 7 urandom warning(s) missed due to ratelimiting
[   31.187174] systemd[1]: Set up automount Arbitrary Executable File Formats File System Automount Point.
[[0;32m  OK  [0m] Set up automount Arbitrary Executabâ€¦rmats File System Automount Point.
[   32.852020] systemd[1]: Created slice System Slice.
[[0;32m  OK  [0m] Created slice System Slice.
[   33.086918] systemd[1]: Reached target System Time Synchronized.
[[0;32m  OK  [0m] Reached target System Time Synchronized.
[   33.230025] systemd[1]: Reached target User and Group Name Lookups.
[[0;32m  OK  [0m] Reached target User and Group Name Lookups.
[   33.243076] systemd[1]: Listening on Network Service Netlink Socket.
[[0;32m  OK  [0m] Listening on Network Service Netlink Socket.
[   33.460424] systemd[1]: Listening on /dev/initctl Compatibility Named Pipe.
[[0;32m  OK  [0m] Listening on /dev/initctl Compatibility Named Pipe.
[[0;32m  OK  [0m] Listening on Journal Audit Socket.
[[0;32m  OK  [0m] Reached target Swap.
[[0;32m  OK  [0m] Listening on Device-mapper event daemon FIFOs.
[[0;32m  OK  [0m] Listening on Syslog Socket.
[[0;32m  OK  [0m] Listening on Journal Socket (/dev/log).
[[0;32m  OK  [0m] Listening on udev Control Socket.
[[0;32m  OK  [0m] Started Forward Password Requests to Wall Directory Watch.
[[0;32m  OK  [0m] Created slice User and Session Slice.
[[0;32m  OK  [0m] Reached target Slices.
[[0;32m  OK  [0m] Listening on LVM2 metadata daemon socket.
[[0;32m  OK  [0m] Listening on LVM2 poll daemon socket.
[[0;32m  OK  [0m] Listening on Journal Socket.
         Mounting POSIX Message Queue File System...
         Starting Remount Root and Kernel File Systems...
         Starting Load Kernel Modules...
         Starting Create list of required stâ€¦ce nodes for the current kernel...
[   33.707837] EXT4-fs (sda1): re-mounted. Opts: (null)
[   33.717834] systemd[1]: Starting Uncomplicated firewall...
         Starting Uncomplicated firewall...
[   33.805034] systemd[1]: Mounting Kernel Debug File System...
         Mounting Kernel Debug File System...
[   33.822434] systemd[1]: Starting Monitoring of LVM2 mirrors, snapshots etc. using dmeventd or progress polling...
         Startin[   33.837633] Loading iSCSI transport class v2.0-870.
g Monitoring of LVM2 mirrorsâ€¦ng dmeventd or progress polling...
[   33.859461] systemd[1]: Listening on udev Kernel Socket.
[[0;32m  OK  [0m] Listening on udev Kernel Socket.
[   33.868333] systemd[1]: Starting Set the console keyboard layout...
         Starting Set the console keyboard layout...
[   33.985351] systemd[1]: Starting Journal Service...
         Startin[   34.146557] iscsi: registered transport (tcp)
g Journal Service...
[   34.218562] systemd[1]: Starting udev Coldplug all Devices...
         Starting udev Coldplug all Devices...
[   34.274147] systemd[1]: Created slice system-serial\x2dgetty.slice.
[[0;32m  OK  [0m] Created slice system-serial\x2dgetty.slice.
[   34.293657] systemd[1]: Mounting Huge Pages File System...
         Mounting Huge Pages File System...
[   34.331104] systemd[1]: Mounted POSIX Message Queue File System.
[[0;32m  OK  [0m] Mounted POSIX Message Queue File System.
[[0;32m  OK  [0m] Started Remount Root and Kernel File Systems.
[[0;32m  OK  [0m] Started Create list of required staâ€¦vice nodes for the current kernel.
[[0;32m  OK  [0m] Started Uncomplicated firewall.
[[0;32m  OK  [0m] Mounted Kernel Debug File System.
[[0;32m  OK  [0m] Mounted Huge Pages File System.
         Starting Create Static Device Nodes in /dev...
         Starting Load/Save Random Seed...
[[0;32m  OK  [0m] Started Set the console keyboard layout.
[[0;32m  OK  [0m] Started udev Coldplug all Devices.
[[0;32m  OK  [0m] Started Journal Service.
         Starting Flush Journal to Persistent Storage...
[[0;32m  OK  [0m] Started LVM2[   34.888085] iscsi: registered transport (iser)
 metadata daemon.
[[0;32m  OK  [0m] Started Load Kernel Modules.
         Mounting Kernel Configuration File System...
         Starting Apply Kernel Variables...
         Mounting FUSE Control File System...
[[0;32m  OK  [0m] Started Load/Save Random Seed.
[[0;32m  OK  [0m] Started Create Static Device Nodes in /dev.
[[0;32m  OK  [0m] Mounted Kernel Configuration File System.
[[0;32m  OK  [0m] Mounted FUSE Control File System.
[   35.128413] systemd-journald[387]: Received request to flush runtime journal from PID 1
         Starting udev Kernel Device Manager...
[[0;32m  OK  [0m] Started Monitoring of LVM2 mirrors,â€¦sing dmeventd or progress polling.
[[0;32m  OK  [0m] Reached target Local File Systems (Pre).
[[0;32m  OK  [0m] Reached target Local File Systems.
         Starting Tell Plymouth To Write Out Runtime Data...
         Starting ebtables ruleset management...
         Starting AppArmor initialization...
         Starting Set console font and keymap...
[[0;32m  OK  [0m] Started Apply Kernel Variables.
[[0;32m  OK  [0m] Started Tell Plymouth To Write Out Runtime Data.
[[0;32m  OK  [0m] Started Set console font and keymap.
[[0;32m  OK  [0m] Started udev Kernel Device Manager.
[[0;32m  OK  [0m] Started Dispatch Password Requests to Console Directory Watch.
[[0;32m  OK  [0m] Reached target Local Encrypted Volumes.
[[0;32m  OK  [0m] Started Flush Journal to Persistent Storage.
         Starting Create Volatile Files and Directories...
[[0;32m  OK  [0m] Started Create Volatile Files and Directories.
         Starting Update UTMP about System Boot/Shutdown...
[[0;32m  OK  [0m] Started Update UTMP about System Boot/Shutdown.
[[0;32m  OK  [0m] Started ebtables ruleset management.
[[0;32m  OK  [0m] Found device /dev/ttyS0.
[[0;32m  OK  [0m] Listening on Load/Save RF Kill Switch Status /dev/rfkill Watch.
[[0;32m  OK  [0m] Started AppArmor initialization.
         Starting Initial cloud-init job (pre-networking)...
[   45.512732] cloud-init[515]: Cloud-init v. 19.3-41-gc4735dd3-0ubuntu1~18.04.1 running 'init-local' at Sun, 16 Feb 2020 09:33:40 +0000. Up 44.91 seconds.
[[0;32m  OK  [0m] Started Initial cloud-init job (pre-networking).
[[0;32m  OK  [0m] Reached target Network (Pre).
         Starting Network Service...
[[0;32m  OK  [0m] Started Network Service.
         Starting Wait for Network to be Configured...
         Starting Network Name Resolution...
[[0;32m  OK  [0m] Started Network Name Resolution.
[[0;32m  OK  [0m] Reached target Host and Network Name Lookups.
[[0;32m  OK  [0m] Reached target Network.
[[0;32m  OK  [0m] Started Wait for Network to be Configured.
         Starting Initial cloud-init job (metadata service crawler)...
[   48.545671] cloud-init[654]: Cloud-init v. 19.3-41-gc4735dd3-0ubuntu1~18.04.1 running 'init' at Sun, 16 Feb 2020 09:33:43 +0000. Up 48.19 seconds.
[   48.564624] cloud-init[654]: ci-info: ++++++++++++++++++++++++++++++++++++++Net device info++++++++++++++++++++++++++++++++++++++
[   48.577664] cloud-init[654]: ci-info: +--------+------+----------------------------+---------------+--------+-------------------+
[   48.616310] cloud-init[654]: ci-info: | Device |  Up  |          Address           |      Mask     | Scope  |     Hw-Address    |
[   48.688397] cloud-init[654]: ci-info: +--------+------+----------------------------+---------------+--------+-------------------+
[   48.695161] cloud-init[654]: ci-info: | enp0s3 | True |         10.0.2.15          | 255.255.255.0 | global | 02:6f:f9:1e:39:dc |
[   48.723897] cloud-init[654]: ci-info: | enp0s3 | True | fe80::6f:f9ff:fe1e:39dc/64 |       .       |  link  | 02:6f:f9:1e:39:dc |
[   48.728721] cloud-init[654]: ci-info: |   lo   | True |         127.0.0.1          |   255.0.0.0   |  host  |         .         |
[   48.746313] cloud-init[654]: ci-info: |   lo   | True |          ::1/128           |       .       |  host  |         .         |
[   48.752392] cloud-init[654]: ci-info: +--------+------+----------------------------+---------------+--------+-------------------+
[   48.755777] cloud-init[654]: ci-info: ++++++++++++++++++++++++++++Route IPv4 info+++++++++++++++++++++++++++++
[   48.759328] cloud-init[654]: ci-info: +-------+-------------+----------+-----------------+-----------+-------+
[   48.762924] cloud-init[654]: ci-info: | Route | Destination | Gateway  |     Genmask     | Interface | Flags |
[   48.766306] cloud-init[654]: ci-info: +-------+-------------+----------+-----------------+-----------+-------+
[   48.770685] cloud-init[654]: ci-info: |   0   |   0.0.0.0   | 10.0.2.2 |     0.0.0.0     |   enp0s3  |   UG  |
[   48.773086] cloud-init[654]: ci-info: |   1   |   10.0.2.0  | 0.0.0.0  |  255.255.255.0  |   enp0s3  |   U   |
[   48.809938] cloud-init[654]: ci-info: |   2   |   10.0.2.2  | 0.0.0.0  | 255.255.255.255 |   enp0s3  |   UH  |
[   48.813585] cloud-init[654]: ci-info: +-------+-------------+----------+-----------------+-----------+-------+
[   48.816500] cloud-init[654]: ci-info: +++++++++++++++++++Route IPv6 info+++++++++++++++++++
[   48.832746] cloud-init[654]: ci-info: +-------+-------------+---------+-----------+-------+
[   48.836810] cloud-init[654]: ci-info: | Route | Destination | Gateway | Interface | Flags |
[   48.859874] cloud-init[654]: ci-info: +-------+-------------+---------+-----------+-------+
[   48.864047] cloud-init[654]: ci-info: |   1   |  fe80::/64  |    ::   |   enp0s3  |   U   |
[   48.866495] cloud-init[654]: ci-info: |   3   |    local    |    ::   |   enp0s3  |   U   |
[   48.868826] cloud-init[654]: ci-info: |   4   |   ff00::/8  |    ::   |   enp0s3  |   U   |
[   48.870974] cloud-init[654]: ci-info: +-------+-------------+---------+-----------+-------+
[[0;32m  OK  [0m] Started Initial cloud-init job (metadata service crawler).
[[0;32m  OK  [0m] Reached target Network is Online.
         Starting Availability of block devices...
[[0;32m  OK  [0m] Reached target Remote File Systems (Pre).
[[0;32m  OK  [0m] Reached target Remote File Systems.
[[0;32m  OK  [0m] Reached target Cloud-config availability.
[[0;32m  OK  [0m] Reached target System Initialization.
[[0;32m  OK  [0m] Listening on Open-iSCSI iscsid Socket.
[[0;32m  OK  [0m] Listening on ACPID Listen Socket.
[[0;32m  OK  [0m] Listening on UUID daemon activation socket.
[[0;32m  OK  [0m] Started ACPI Events Check.
[[0;32m  OK  [0m] Reached target Paths.
[[0;32m  OK  [0m] Listening on D-Bus System Message Bus Socket.
         Starting LXD - unix socket.
         Starting Socket activation for snappy daemon.
[[0;32m  OK  [0m] Started Discard unused blocks once a week.
[[0;32m  OK  [0m] Started Message of the Day.
[[0;32m  OK  [0m] Started Daily apt download activities.
[[0;32m  OK  [0m] Started Daily apt upgrade and clean activities.
[[0;32m  OK  [0m] Started Daily Cleanup of Temporary Directories.
[[0;32m  OK  [0m] Reached target Timers.
[[0;32m  OK  [0m] Started Availability of block devices.
[[0;32m  OK  [0m] Listening on LXD - unix socket.
[[0;32m  OK  [0m] Listening on Socket activation for snappy daemon.
[[0;32m  OK  [0m] Reached target Sockets.
[[0;32m  OK  [0m] Reached target Basic System.
[[0;32m  OK  [0m] Started D-Bus System Message Bus.
         Starting Permit User Sessions...
         Starting Accounts Service...
         Starting Dispatcher daemon for systemd-networkd...
         Starting LSB: Record successful boot for GRUB...
[[0;32m  OK  [0m] Started Deferred execution scheduler.
         Starting Login Service...
         Starting Snappy daemon...
[[0;32m  OK  [0m] Started Regular background program processing daemon.
[[0;32m  OK  [0m] Started FUSE filesystem for LXC.
         Starting Virtualbox guest utils...
         Starting LSB: automatic crash report generation...
         Starting OpenBSD Secure Shell server...
         Starting System Logging Service...
[[0;32m  OK  [0m] Started irqbalance daemon.
         Starting LXD - container startup/shutdown...
[[0;32m  OK  [0m] Started Permit User Sessions.
[[0;32m  OK  [0m] Started Login Service.
[[0;32m  OK  [0m] Started Unattended Upgrades Shutdown.
         Starting Authorization Manager...
         Starting Hold until boot process finishes up...
         Starting Terminate Plymouth Boot Screen...
[[0;32m  OK  [0m] Started Hold until boot process finishes up.
[[0;32m  OK  [0m] Started Terminate Plymouth Boot Screen.
         Starting Set console scheme...
[[0;32m  OK  [0m] Started Serial Getty on ttyS0.
[[0;32m  OK  [0m] Started System Logging Service.
[[0;32m  OK  [0m] Started Set console scheme.
[[0;32m  OK  [0m] Started LSB: automatic crash report generation.
[[0;32m  OK  [0m] Created slice system-getty.slice.
[[0;32m  OK  [0m] Started Getty on tty1.
[[0;32m  OK  [0m] Reached target Login Prompts.
[[0;32m  OK  [0m] Started LSB: Record successful boot for GRUB.
[[0;32m  OK  [0m] Started Authorization Manager.
[[0;32m  OK  [0m] Started Accounts Service.
[[0;32m  OK  [0m] Started Dispatcher daemon for systemd-networkd.
[[0;32m  OK  [0m] Started Virtualbox guest utils.
[[0;32m  OK  [0m] Started OpenBSD Secure Shell server.
[[0;32m  OK  [0m] Created slice User Slice of vagrant.
         Starting User Manager for UID 1000...
[[0;32m  OK  [0m] Started Session 1 of user vagrant.

Ubuntu 18.04.3 LTS ubuntu-bionic ttyS0

ubuntu-bionic login: [   58.422184] cloud-init[1258]: Cloud-init v. 19.3-41-gc4735dd3-0ubuntu1~18.04.1 running 'modules:config' at Sun, 16 Feb 2020 09:33:53 +0000. Up 57.85 seconds.
[   59.248404] cloud-init[1314]: Cloud-init v. 19.3-41-gc4735dd3-0ubuntu1~18.04.1 running 'modules:final' at Sun, 16 Feb 2020 09:33:54 +0000. Up 59.02 seconds.
[   59.248583] cloud-init[1314]: Cloud-init v. 19.3-41-gc4735dd3-0ubuntu1~18.04.1 finished at Sun, 16 Feb 2020 09:33:54 +0000. Datasource DataSourceNoCloud [seed=/dev/sdb][dsmode=net].  Up 59.23 seconds
